// Jest Snapshot v1, https://goo.gl/fbAQLP

exports[`should render Header correctly 1`] = `
<header>
  <h1>
    Despesismo
  </h1>
  <NavLink
    activeClassName="is-active"
    exact={true}
    to="/"
  >
    PÃ¡gina principal
  </NavLink>
  <NavLink
    activeClassName="is-active"
    to="/create"
  >
    Adicionar despesa
  </NavLink>
</header>
`;
